ASxxxx Linker V03.00 + NoICE + sdld,  page 1.
Hexadecimal  [32-Bits]

Area                                    Addr        Size        Decimal Bytes (Attributes)
--------------------------------        ----        ----        ------- ----- ------------
.  .ABS.                            00000000    00000000 =           0. bytes (ABS,CON)

      Value  Global                              Global Defined In Module
      -----  --------------------------------   ------------------------
     00000000  .__.ABS.                           
     00000000  _g_SUBRID                          main
     00000000  l__BSEG                         
     00000000  l__BSS                          
     00000000  l__CABS                         
     00000000  l__DABS                         
     00000000  l__GSFINAL                      
     00000000  l__GSINIT                       
     00000000  l__HEADER                       
     00000000  l__HEADER0                      
     00000000  l__HEAP                         
     00000000  l__RODATA                       
     00000000  s__CABS                         
     00000000  s__DABS                         
     00000000  s__HEADER                       
     00000000  s__HEADER0                      
     00000002  _g_STRSRC                          main
     00000004  _g_CGTABL                          print
     00000006  _g_VDP_DR                          print
     00000007  _g_VDP_DW                          print
     00000011  l__INITIALIZED                  
     00000011  l__INITIALIZER                  
     0000002B  _g_BASRVN                          print
     0000002B  _g_ROMVersion                      print
     0000002D  _g_MSXVER                          print
     0000002E  _g_MSXMID                          print
     00000034  _g_CHAR_16                         print
     0000008B  l__DATA                         
     00000221  l__HOME                         
     000035A2  l__CODE                         
     00004000  s__CODE                         
     000075A2  s__HOME                         
     000077C3  s__INITIALIZER                  
     000077C3  s__RODATA                       
     000077D4  s__GSFINAL                      
     000077D4  s__GSINIT                       
     0000C000  s__DATA                         
     0000C08B  s__INITIALIZED                  
     0000C09C  s__BSEG                         
     0000C09C  s__BSS                          
     0000C09C  s__HEAP                         
     0000F30F  _g_KANJTABLE                       main
     0000F323  _g_DISKVE                          main
     0000F325  _g_BREAKV                          main
     0000F341  _g_RAMAD0                          main
     0000F342  _g_RAMAD1                          main
     0000F343  _g_RAMAD2                          main
     0000F344  _g_RAMAD3                          main
     0000F348  _g_MASTER                          main
     0000F37D  _g_BDOS                            main
ASxxxx Linker V03.00 + NoICE + sdld,  page 2.
Hexadecimal  [32-Bits]

Area                                    Addr        Size        Decimal Bytes (Attributes)
--------------------------------        ----        ----        ------- ----- ------------
.  .ABS.                            00000000    00000000 =           0. bytes (ABS,CON)

      Value  Global                              Global Defined In Module
      -----  --------------------------------   ------------------------
     0000F380  _g_RDPRIM                          pletter
     0000F385  _g_WRPRIM                          pletter
     0000F38C  _g_CLPRIM                          pletter
     0000F39A  _g_USRTAB                          pletter
     0000F3AE  _g_LINL40                          pletter
     0000F3AF  _g_LINL32                          pletter
     0000F3B0  _g_LINLEN                          pletter
     0000F3B1  _g_CRTCNT                          pletter
     0000F3B2  _g_CLMLST                          pletter
     0000F3B3  _g_TXTNAM                          pletter
     0000F3B5  _g_TXTCOL                          pletter
     0000F3B7  _g_TXTCGP                          pletter
     0000F3B9  _g_TXTATR                          pletter
     0000F3BB  _g_TXTPAT                          pletter
     0000F3BD  _g_T32NAM                          pletter
     0000F3BF  _g_T32COL                          pletter
     0000F3C1  _g_T32CGP                          pletter
     0000F3C3  _g_T32ATR                          pletter
     0000F3C5  _g_T32PAT                          pletter
     0000F3C7  _g_GRPNAM                          pletter
     0000F3C9  _g_GRPCOL                          pletter
     0000F3CB  _g_GRPCGP                          pletter
     0000F3CD  _g_GRPATR                          pletter
     0000F3CF  _g_GRPPAT                          pletter
     0000F3D1  _g_MLTNAM                          pletter
     0000F3D3  _g_MLTCOL                          pletter
     0000F3D5  _g_MLTCGP                          pletter
     0000F3D7  _g_MLTATR                          pletter
     0000F3D9  _g_MLTPAT                          pletter
     0000F3DB  _g_CLIKSW                          pletter
     0000F3DC  _g_CSRY                            pletter
     0000F3DD  _g_CSRX                            pletter
     0000F3DE  _g_CNSDFG                          pletter
     0000F3DF  _g_RG0SAV                          pletter
     0000F3E0  _g_RG1SAV                          pletter
     0000F3E1  _g_RG2SAV                          pletter
     0000F3E2  _g_RG3SAV                          pletter
     0000F3E3  _g_RG4SAV                          pletter
     0000F3E4  _g_RG5SAV                          pletter
     0000F3E5  _g_RG6SAV                          pletter
     0000F3E6  _g_RG7SAV                          pletter
     0000F3E7  _g_STATFL                          pletter
     0000F3E8  _g_TRGFLG                          pletter
     0000F3E9  _g_FORCLR                          pletter
     0000F3EA  _g_BAKCLR                          pletter
     0000F3EB  _g_BDRCLR                          pletter
     0000F3EC  _g_MAXUPD                          pletter
     0000F3EF  _g_MINUPD                          pletter
     0000F3F2  _g_ATRBYT                          pletter
     0000F3F3  _g_QUEUES                          pletter
     0000F3F5  _g_FRCNEW                          pletter
ASxxxx Linker V03.00 + NoICE + sdld,  page 3.
Hexadecimal  [32-Bits]

Area                                    Addr        Size        Decimal Bytes (Attributes)
--------------------------------        ----        ----        ------- ----- ------------
.  .ABS.                            00000000    00000000 =           0. bytes (ABS,CON)

      Value  Global                              Global Defined In Module
      -----  --------------------------------   ------------------------
     0000F3F6  _g_SCNCNT                          pletter
     0000F3F7  _g_REPCNT                          pletter
     0000F3F8  _g_PUTPNT                          pletter
     0000F3FA  _g_GETPNT                          pletter
     0000F3FC  _g_CS120                           pletter
     0000F401  _g_CS240                           pletter
     0000F406  _g_LOW                             pletter
     0000F408  _g_HIGH                            pletter
     0000F40A  _g_HEADER                          pletter
     0000F40B  _g_ASPCT1                          pletter
     0000F40D  _g_ASPCT2                          pletter
     0000F87F  _g_FNKSTR                          pletter
     0000F92A  _g_CLOC                            pletter
     0000F92C  _g_CMASK                           pletter
     0000F959  _g_QUETAB                          pletter
     0000F971  _g_QUEBAK                          pletter
     0000F975  _g_VOICAQ                          pletter
     0000F9F5  _g_VOICBQ                          pletter
     0000FA75  _g_VOICCQ                          pletter
     0000FAF5  _g_DPPAGE                          pletter
     0000FAF5  _g_RS2IQ                           pletter
     0000FAF6  _g_ACPAGE                          pletter
     0000FAF7  _g_AVCSAV                          pletter
     0000FAF8  _g_EXBRSA                          pletter
     0000FAF9  _g_CHRCNT                          pletter
     0000FAFA  _g_ROMA                            pletter
     0000FAFC  _g_MODE                            pletter
     0000FAFD  _g_NORUSE                          pletter
     0000FAFE  _g_XSAVE                           pletter
     0000FB00  _g_YSAVE                           pletter
     0000FB02  _g_LOGOPR                          pletter
     0000FB03  _g_RSTMP                           pletter
     0000FB03  _g_TOCNT                           pletter
     0000FB04  _g_RSFCB                           pletter
     0000FB06  _g_RSIQLN                          pletter
     0000FB07  _g_MEXBIh                          pletter
     0000FB0C  _g_OLDINT                          pletter
     0000FB0C  _g_OLDSTT                          pletter
     0000FB16  _g_DEVNUM                          pletter
     0000FB17  _g_DATCNT                          pletter
     0000FB1A  _g_ERRORS                          pletter
     0000FB1B  _g_FLAGS                           pletter
     0000FB1C  _g_ESTBLS                          pletter
     0000FB1D  _g_COMMSK                          pletter
     0000FB1E  _g_LSTCOM                          pletter
     0000FB1F  _g_LSTMOD                          pletter
     0000FB35  _g_PRSCNT                          pletter
     0000FB36  _g_SAVSP                           pletter
     0000FB38  _g_VOICEN                          pletter
     0000FB39  _g_SAVVOL                          pletter
     0000FB3B  _g_MCLLEN                          pletter
ASxxxx Linker V03.00 + NoICE + sdld,  page 4.
Hexadecimal  [32-Bits]

Area                                    Addr        Size        Decimal Bytes (Attributes)
--------------------------------        ----        ----        ------- ----- ------------
.  .ABS.                            00000000    00000000 =           0. bytes (ABS,CON)

      Value  Global                              Global Defined In Module
      -----  --------------------------------   ------------------------
     0000FB3C  _g_MCLPTR                          pletter
     0000FB3E  _g_QUEUEN                          pletter
     0000FB3F  _g_MUSICF                          pletter
     0000FB40  _g_PLYCNT                          pletter
     0000FB41  _g_VCBA                            pletter
     0000FB66  _g_VCBB                            pletter
     0000FB8B  _g_VCBC                            pletter
     0000FBB0  _g_ENSTOP                          pletter
     0000FBB1  _g_BASROM                          pletter
     0000FBB2  _g_LINTTB                          pletter
     0000FBCA  _g_FSTPOS                          pletter
     0000FBCC  _g_CODSAV                          pletter
     0000FBCD  _g_FNKSWI                          pletter
     0000FBCE  _g_FNKFLG                          pletter
     0000FBD8  _g_ONGSBF                          pletter
     0000FBD9  _g_CLIKFL                          pletter
     0000FBDA  _g_OLDKEY                          pletter
     0000FBE5  _g_NEWKEY                          pletter
     0000FBF0  _g_KEYBUF                          pletter
     0000FC18  _g_LINWRK                          pletter
     0000FC40  _g_PATWRK                          pletter
     0000FC48  _g_BOTTOM                          pletter
     0000FC4A  _g_HIMEM                           pletter
     0000FC4C  _g_TRPTBL                          pletter
     0000FC9A  _g_RTYCNT                          pletter
     0000FC9B  _g_INTFLG                          pletter
     0000FC9C  _g_PADY                            pletter
     0000FC9D  _g_PADX                            pletter
     0000FC9E  _g_JIFFY                           pletter
     0000FCA0  _g_INTVAL                          pletter
     0000FCA2  _g_INTCNT                          pletter
     0000FCA4  _g_LOWLIM                          pletter
     0000FCA5  _g_WINWID                          pletter
     0000FCA6  _g_GRPHED                          pletter
     0000FCA7  _g_ESCCNT                          pletter
     0000FCA8  _g_INSFLG                          pletter
     0000FCA9  _g_CSRSW                           pletter
     0000FCAA  _g_CSTYLE                          pletter
     0000FCAB  _g_CAPST                           pletter
     0000FCAC  _g_KANAST                          pletter
     0000FCAD  _g_KANAMD                          pletter
     0000FCAE  _g_FLBMEM                          pletter
     0000FCAF  _g_SCRMOD                          pletter
     0000FCB0  _g_OLDSCR                          pletter
     0000FCB1  _g_CASPRV                          pletter
     0000FCB2  _g_BRDATR                          pletter
     0000FCB3  _g_GXPOS                           pletter
     0000FCB5  _g_GYPOS                           pletter
     0000FCB7  _g_GRPACX                          pletter
     0000FCB9  _g_GRPACY                          pletter
     0000FCBB  _g_DRWFLG                          pletter
ASxxxx Linker V03.00 + NoICE + sdld,  page 5.
Hexadecimal  [32-Bits]

Area                                    Addr        Size        Decimal Bytes (Attributes)
--------------------------------        ----        ----        ------- ----- ------------
.  .ABS.                            00000000    00000000 =           0. bytes (ABS,CON)

      Value  Global                              Global Defined In Module
      -----  --------------------------------   ------------------------
     0000FCBC  _g_DRWSCL                          pletter
     0000FCBD  _g_DRWANG                          pletter
     0000FCC1  _g_EXPTBL                          pletter
     0000FCC1  _g_MNROM                           pletter
     0000FCC5  _g_SLTTBL                          pletter
     0000FCC9  _g_SLTATR                          pletter
     0000FD09  _g_SLTWRK                          pletter
     0000FD89  _g_PROCNM                          pletter
     0000FFE7  _g_RG08SAV                         pletter
     0000FFE8  _g_RG09SAV                         pletter
     0000FFE9  _g_RG10SAV                         pletter
     0000FFEA  _g_RG11SAV                         pletter
     0000FFEB  _g_RG12SAV                         pletter
     0000FFEC  _g_RG13SAV                         pletter
     0000FFED  _g_RG14SAV                         pletter
     0000FFEE  _g_RG15SAV                         pletter
     0000FFEF  _g_RG16SAV                         pletter
     0000FFF0  _g_RG17SAV                         pletter
     0000FFF1  _g_RG18SAV                         pletter
     0000FFF2  _g_RG19SAV                         pletter
     0000FFF3  _g_RG20SAV                         pletter
     0000FFF4  _g_RG21SAV                         pletter
     0000FFF5  _g_RG22SAV                         pletter
     0000FFF6  _g_RG23SAV                         pletter
     0000FFF7  _g_MINROM                          pletter
     0000FFF8  _g_SVFFF8                          pletter
     0000FFFA  _g_RG25SAV                         pletter
     0000FFFB  _g_RG26SAV                         pletter
     0000FFFC  _g_RG27SAV                         pletter
     0000FFFD  _g_SVFFFD                          pletter
     0000FFFF  _g_SLTSL                           pletter
ASxxxx Linker V03.00 + NoICE + sdld,  page 6.
Hexadecimal  [32-Bits]

Area                                    Addr        Size        Decimal Bytes (Attributes)
--------------------------------        ----        ----        ------- ----- ------------
_CODE                               00004000    000035A2 =       13730. bytes (REL,CON)

      Value  Global                              Global Defined In Module
      -----  --------------------------------   ------------------------
     00004000  _g_HeaderAddr                      crt0
     00004000  crt0_rom_header                    crt0
     0000401F  crt0_p1_to_p2                      crt0
     00004052  _FindStateIndex                    main
     00004138  _Alphabet                          main
     00004178  _WeightedPick                      main
     00004209  _UpdateKey                         main
     0000424B  _main                              main
     00004337  _VDP_SetModeFlag                   vdp
     00004360  _VDP_SetModeText1                  vdp
     00004377  _VDP_SetModeMultiColor             vdp
     000043A0  _VDP_SetModeGraphic1               vdp
     000043D1  _VDP_SetModeGraphic2               vdp
     00004403  _VDP_ClearVRAM                     vdp
     00004432  _VDP_WriteVRAM_16K                 vdp
     00004469  _VDP_FillVRAM_16K                  vdp
     0000448E  _VDP_ReadVRAM_16K                  vdp
     000044C4  _VDP_Peek_16K                      vdp
     000044D9  _VDP_Poke_16K                      vdp
     000044F1  _VDP_SetModeText2                  vdp
     00004511  _VDP_SetModeGraphic3               vdp
     00004543  _VDP_SetModeGraphic4               vdp
     00004563  _VDP_SetModeGraphic5               vdp
     00004583  _VDP_SetModeGraphic6               vdp
     000045A3  _VDP_SetModeGraphic7               vdp
     000045C3  _VDP_ReadStatus                    vdp
     000045D7  _VDP_SetAdjustOffset               vdp
     000045E1  _VDP_SetPalette                    vdp
     000045F2  _VDP_SetPaletteEntry               vdp
     00004601  _VDP_WriteVRAM_128K                vdp
     00004644  _VDP_FillVRAM_128K                 vdp
     0000467F  _VDP_ReadVRAM_128K                 vdp
     000046C7  _VDP_Poke_128K                     vdp
     000046F2  _VDP_Peek_128K                     vdp
     00004715  _VDP_CommandWait                   vdp
     0000472E  _VDP_CommandSetupR32               vdp
     00004761  _VDP_CommandSetupR36               vdp
     0000478C  _VDP_CommandWriteLoop              vdp
     000047B4  _VDP_Initialize                    vdp
     000047D0  _VDP_SetMode                       vdp
     000048CC  _VDP_GetVersion                    vdp
     0000491B  _VDP_RegWrite                      vdp
     00004927  _VDP_RegWriteBak                   vdp
     0000493A  _VDP_RegWriteBakMask               vdp
     00004959  _VDP_ReadDefaultStatus             vdp
     0000495C  _VDP_SetPage                       vdp
     0000496A  _VDP_SetLayoutTable                vdp
     000049CD  _VDP_SetColorTable                 vdp
     00004A66  _VDP_SetPatternTable               vdp
     00004AC6  _VDP_SetSpriteAttributeTable       vdp
ASxxxx Linker V03.00 + NoICE + sdld,  page 7.
Hexadecimal  [32-Bits]

Area                                    Addr        Size        Decimal Bytes (Attributes)
--------------------------------        ----        ----        ------- ----- ------------
_CODE                               00004000    000035A2 =       13730. bytes (REL,CON)

      Value  Global                              Global Defined In Module
      -----  --------------------------------   ------------------------
     00004B69  _VDP_SetSpritePatternTable         vdp
     00004B88  _VDP_LoadSpritePattern             vdp
     00004BB8  _VDP_SetSpriteSM1                  vdp
     00004BFB  _VDP_SetSprite                     vdp
     00004C36  _VDP_SetSpriteExMultiColor         vdp
     00004C9A  _VDP_SetSpriteExUniColor           vdp
     00004CFB  _VDP_SetSpritePosition             vdp
     00004D2F  _VDP_SetSpritePositionX            vdp
     00004D47  _VDP_SetSpritePositionY            vdp
     00004D5E  _VDP_SetSpritePattern              vdp
     00004D77  _VDP_SetSpriteColorSM1             vdp
     00004D91  _VDP_SetSpriteUniColor             vdp
     00004DAE  _VDP_SetSpriteMultiColor           vdp
     00004DCC  _VDP_SetSpriteData                 vdp
     00004DE8  _VDP_DisableSpritesFrom            vdp
     00004DF9  _VDP_SetBlinkTile                  vdp
     00004E5C  _g_VDPBitValue                     vdp
     00004E64  _VDP_LoadPattern_GM2               vdp
     00004EE8  _VDP_LoadColor_GM2                 vdp
     00004F6C  _VDP_WriteLayout_GM2               vdp
     00004FD7  _VDP_FillLayout_GM2                vdp
     0000502D  _Math_Div10                        math
     00005039  _Math_Div10_16b                    math
     0000504D  _Math_Mod10                        math
     00005061  _Math_Mod10_16b                    math
     0000507A  _Math_Flip                         math
     0000508C  _Math_Flip_16b                     math
     00005097  _Math_Negative16                   math
     0000509E  _Math_Swap                         math
     000050A1  _Math_SignedDiv64                  math
     000050A1  _Math_SignedDiv_ASM                math
     000050A3  _Math_SignedDiv32                  math
     000050A5  _Math_SignedDiv16                  math
     000050A7  _Math_SignedDiv8                   math
     000050A9  _Math_SignedDiv4                   math
     000050AB  _Math_SignedDiv2                   math
     000050B0  _Math_SetRandomSeed8               math
     000050BD  _Math_GetRandom8                   math
     000050CD  _Math_SetRandomSeed16              math
     000050DC  _Math_GetRandom16                  math
     000050F1  _Print_SplitColor                  print
     00005123  _g_HexChar                         print
     00005133  _Print_MergeColor                  print
     00005193  _Print_Initialize                  print
     00005287  _Print_SetMode                     print
     00005311  _Print_SetFont                     print
     000053EB  _Print_InitColorBuffer             print
     000055AC  _Print_SetColor                    print
     000056A7  _Print_SetColorShade               print
     0000575F  _Print_ValidateChar                print
     000057AB  _Print_ValidatePattern             print
ASxxxx Linker V03.00 + NoICE + sdld,  page 8.
Hexadecimal  [32-Bits]

Area                                    Addr        Size        Decimal Bytes (Attributes)
--------------------------------        ----        ----        ------- ----- ------------
_CODE                               00004000    000035A2 =       13730. bytes (REL,CON)

      Value  Global                              Global Defined In Module
      -----  --------------------------------   ------------------------
     0000587A  _Print_SetBitmapFont               print
     00005884  _DrawChar_8B                       print
     000059AC  _DrawChar_4B                       print
     00005AA4  _DrawChar_2B                       print
     00005B7A  _DrawChar_Trans                    print
     00005E72  _Print_SetVRAMFont                 print
     00006014  _DrawChar_VRAM256                  print
     00006150  _DrawChar_VRAM512                  print
     0000628C  _CopyNo8HeightFontData             print
     000062ED  _Print_SetTextFont                 print
     00006619  _DrawChar_Layout                   print
     0000665F  _Print_SetSpriteFont               print
     000067BE  _DrawChar_Sprite                   print
     000067F6  _Print_SetShadow                   print
     00006830  _Print_EnableShadow                print
     00006853  _Print_SetOutline                  print
     00006860  _Print_EnableOutline               print
     00006883  _Print_Clear                       print
     000068D9  _Print_Backspace                   print
     000069CD  _Print_DrawChar                    print
     00006A0D  _Print_DrawCharX                   print
     00006A1F  _Print_DrawText                    print
     00006AAF  _Print_DrawBin8                    print
     00006AD2  _Print_DrawHex8                    print
     00006AF8  _Print_DrawHex16                   print
     00006B03  _Print_DrawHex32                   print
     00006B0E  _Print_DrawInt                     print
     00006BDE  _Print_DrawFormat                  print
     0000729C  _Print_DrawLineH                   print
     000072BD  _Print_DrawLineV                   print
     000072ED  _Print_DrawBox                     print
     000073AD  _Pletter_UnpackToRAM               pletter
     0000745F  _Pletter_UnpackToVRAM              pletter
     0000754A  __moduchar                         
     00007551  __moduint                          
     00007556  __divuchar                         
     00007558  __divu8                            
     0000755B  __divu16                           
     0000755B  __divuint                          
     0000758A  __mulint                           
     0000758C  __mul16                            
     000075A1  ___sdcc_call_hl                    

ASxxxx Linker V03.00 + NoICE + sdld,  page 9.
Hexadecimal  [32-Bits]

Area                                    Addr        Size        Decimal Bytes (Attributes)
--------------------------------        ----        ----        ------- ----- ------------
_HEADER0                            00000000    00000000 =           0. bytes (ABS,CON)

      Value  Global                              Global Defined In Module
      -----  --------------------------------   ------------------------
     00000000  _g_FirstAddr                       crt0

ASxxxx Linker V03.00 + NoICE + sdld,  page 10.
Hexadecimal  [32-Bits]

Area                                    Addr        Size        Decimal Bytes (Attributes)
--------------------------------        ----        ----        ------- ----- ------------
_HOME                               000075A2    00000221 =         545. bytes (REL,CON)

      Value  Global                              Global Defined In Module
      -----  --------------------------------   ------------------------
     000075A2  __modslong                         _modslong
     0000762A  __modulong                         _modulong
     000076B9  __divslong                         _divslong
     00007749  __divulong                         _divulong

ASxxxx Linker V03.00 + NoICE + sdld,  page 11.
Hexadecimal  [32-Bits]

Area                                    Addr        Size        Decimal Bytes (Attributes)
--------------------------------        ----        ----        ------- ----- ------------
_INITIALIZER                        000077C3    00000011 =          17. bytes (REL,CON)

      Value  Global                              Global Defined In Module
      -----  --------------------------------   ------------------------
ASxxxx Linker V03.00 + NoICE + sdld,  page 12.
Hexadecimal  [32-Bits]

Area                                    Addr        Size        Decimal Bytes (Attributes)
--------------------------------        ----        ----        ------- ----- ------------
_GSFINAL                            000077D4    00000000 =           0. bytes (REL,CON)

      Value  Global                              Global Defined In Module
      -----  --------------------------------   ------------------------
     000077D4  _g_LastAddr                        crt0

ASxxxx Linker V03.00 + NoICE + sdld,  page 13.
Hexadecimal  [32-Bits]

Area                                    Addr        Size        Decimal Bytes (Attributes)
--------------------------------        ----        ----        ------- ----- ------------
_DATA                               0000C000    0000008B =         139. bytes (REL,CON)

      Value  Global                              Global Defined In Module
      -----  --------------------------------   ------------------------
     0000C000  _g_HeapStartAddress                crt0
     0000C002  _g_ROMSlotID                       crt0
     0000C00B  _brain_index_comp                  
     0000C00C  _brain_data_comp                   
     0000C00D  _g_VDP_REGSAV                      vdp
     0000C029  _g_VDP_Data                        vdp
     0000C02B  _g_VDP_Command                     vdp
     0000C03A  _g_VDP_Sprite                      vdp
     0000C03E  _g_ScreenLayoutLow                 vdp
     0000C040  _g_ScreenColorLow                  vdp
     0000C042  _g_ScreenPatternLow                vdp
     0000C044  _g_SpriteAttributeLow              vdp
     0000C046  _g_SpritePatternLow                vdp
     0000C048  _g_SpriteColorLow                  vdp
     0000C04A  _g_ScreenLayoutHigh                vdp
     0000C04B  _g_ScreenColorHigh                 vdp
     0000C04C  _g_ScreenPatternHigh               vdp
     0000C04D  _g_SpriteAttributeHigh             vdp
     0000C04E  _g_SpritePatternHigh               vdp
     0000C04F  _g_SpriteColorHigh                 vdp
     0000C050  _g_PrintData                       print
ASxxxx Linker V03.00 + NoICE + sdld,  page 14.
Hexadecimal  [32-Bits]

Area                                    Addr        Size        Decimal Bytes (Attributes)
--------------------------------        ----        ----        ------- ----- ------------
_INITIALIZED                        0000C08B    00000011 =          17. bytes (REL,CON)

      Value  Global                              Global Defined In Module
      -----  --------------------------------   ------------------------
     0000C08B  _g_CurrentKey                      main
     0000C08F  _g_VDPInitilized                   vdp
     0000C090  _g_RandomSeed8                     math
     0000C092  _g_RandomSeed16                    math
     0000C094  _g_PrintInvalid                    print

ASxxxx Linker V03.00 + NoICE + sdld,  page 15.

Files Linked                              [ module(s) ]

C:\MSX\msxGL-demo.worktrees\agents-build-plt-files-with-pletter\MSXai/out/crt0_rom48.rel
                                          [ crt0 ]
C:\MSX\msxGL-demo.worktrees\agents-build-plt-files-with-pletter\MSXai/out/main.rel
                                          [ main ]
C:\MSX\msxGL-demo.worktrees\agents-build-plt-files-with-pletter\MSXai/out/brain_data.rel
                                          [  ]


Libraries Linked                          [ object file ]

C:\MSX\msxGL-demo.worktrees\agents-build-plt-files-with-pletter\MSXai/out/msxgl.lib
                                          [ vdp.rel ]
C:\MSX\msxGL-demo.worktrees\agents-build-plt-files-with-pletter\MSXai/out/msxgl.lib
                                          [ math.rel ]
C:\MSX\msxGL-demo.worktrees\agents-build-plt-files-with-pletter\MSXai/out/msxgl.lib
                                          [ print.rel ]
C:\MSX\msxGL-demo.worktrees\agents-build-plt-files-with-pletter\MSXai/out/msxgl.lib
                                          [ pletter.rel ]
C:\MSX\MSXgl-1.4.1\tools/sdcc/lib/z80/z80.lib
                                          [ modunsigned.rel ]
C:\MSX\MSXgl-1.4.1\tools/sdcc/lib/z80/z80.lib
                                          [ divunsigned.rel ]
C:\MSX\MSXgl-1.4.1\tools/sdcc/lib/z80/z80.lib
                                          [ mul.rel ]
C:\MSX\MSXgl-1.4.1\tools/sdcc/lib/z80/z80.lib
                                          [ _modslong.rel ]
C:\MSX\MSXgl-1.4.1\tools/sdcc/lib/z80/z80.lib
                                          [ _modulong.rel ]
C:\MSX\MSXgl-1.4.1\tools/sdcc/lib/z80/z80.lib
                                          [ _divslong.rel ]
C:\MSX\MSXgl-1.4.1\tools/sdcc/lib/z80/z80.lib
                                          [ _divulong.rel ]
C:\MSX\MSXgl-1.4.1\tools/sdcc/lib/z80/z80.lib
                                          [ __sdcc_call_hl.rel ]

ASxxxx Linker V03.00 + NoICE + sdld,  page 16.

User Base Address Definitions

_CODE = 0x4000
_DATA = 0xc000

